This is a GM HeadUnit
This is a GM HeadUnit
This is a GM HeadUnit